Skipping host requirements validation logic because `PLAYWRIGHT_SKIP_VALIDATE_HOST_REQUIREMENTS` env variable is set.
node:events:497
      throw er; // Unhandled 'error' event
      ^

Error: write EPIPE
    at afterWriteDispatched (node:internal/stream_base_commons:159:15)
    at writeGeneric (node:internal/stream_base_commons:150:3)
    at Socket._writeGeneric (node:net:966:11)
    at Socket._write (node:net:978:8)
    at writeOrBuffer (node:internal/streams/writable:572:12)
    at _write (node:internal/streams/writable:501:10)
    at Writable.write (node:internal/streams/writable:510:10)
    at PipeTransport.send (/nix/store/z2190fzj7lgfw5qmzlr57b5yw2x7wshn-playwright-1.56.0/lib/python3.13/site-packages/playwright/driver/package/lib/server/utils/pipeTransport.js:52:21)
    at dispatcherConnection.onmessage (/nix/store/z2190fzj7lgfw5qmzlr57b5yw2x7wshn-playwright-1.56.0/lib/python3.13/site-packages/playwright/driver/package/lib/cli/driver.js:60:59)
    at DispatcherConnection.sendEvent (/nix/store/z2190fzj7lgfw5qmzlr57b5yw2x7wshn-playwright-1.56.0/lib/python3.13/site-packages/playwright/driver/package/lib/server/dispatchers/dispatcher.js:180:10)
Emitted 'error' event on Socket instance at:
    at emitErrorNT (node:internal/streams/destroy:170:8)
    at emitErrorCloseNT (node:internal/streams/destroy:129:3)
    at process.processTicksAndRejections (node:internal/process/task_queues:90:21) {
  errno: -32,
  code: 'EPIPE',
  syscall: 'write'
}

Node.js v22.20.0
